2026-05-01 12:07:10,201 - INFO - Placing order: {'symbol': 'BTCUSDT', 'side': 'BUY', 'type': 'MARKET', 'quantity': 0.001}
2026-05-01 12:07:11,794 - ERROR - Error placing order: APIError(code=-1021): Timestamp for this request was 1000ms ahead of the server's time.
2026-05-01 12:09:58,082 - INFO - Placing order: {'symbol': 'BTCUSDT', 'side': 'BUY', 'type': 'MARKET', 'quantity': 0.001}
2026-05-01 12:09:58,398 - ERROR - Error placing order: APIError(code=-1021): Timestamp for this request was 1000ms ahead of the server's time.
2026-05-01 12:10:16,764 - INFO - Placing order: {'symbol': 'BTCUSDT', 'side': 'BUY', 'type': 'MARKET', 'quantity': 0.001}
2026-05-01 12:10:16,990 - ERROR - Error placing order: APIError(code=-1021): Timestamp for this request was 1000ms ahead of the server's time.
2026-05-01 12:10:54,911 - INFO - Placing order: {'symbol': 'BTCUSDT', 'side': 'BUY', 'type': 'MARKET', 'quantity': 0.001}
2026-05-01 12:10:55,220 - ERROR - Error placing order: APIError(code=-1021): Timestamp for this request was 1000ms ahead of the server's time.
2026-05-01 12:12:26,048 - INFO - Placing order: {'symbol': 'BTCUSDT', 'side': 'BUY', 'type': 'MARKET', 'quantity': 0.001}
2026-05-01 12:12:26,494 - INFO - Response: {'orderId': 13095577736, 'symbol': 'BTCUSDT', 'status': 'NEW', 'clientOrderId': 'x-Cb7ytekJbda581b23f25b8cd329eb', 'price': '0.00', 'avgPrice': '0.00', 'origQty': '0.0010', 'executedQty': '0.0000', 'cumQty': '0.0000', 'cumQuote': '0.000000', 'timeInForce': 'GTC', 'type': 'MARKET', 'reduceOnly': False, 'closePosition': False, 'side': 'BUY', 'positionSide': 'BOTH', 'stopPrice': '0.00', 'workingType': 'CONTRACT_PRICE', 'priceProtect': False, 'origType': 'MARKET', 'priceMatch': 'NONE', 'selfTradePreventionMode': 'EXPIRE_MAKER', 'goodTillDate': 0, 'updateTime': 1777617746208}
2026-05-01 12:13:00,477 - INFO - Placing order: {'symbol': 'BTCUSDT', 'side': 'SELL', 'type': 'MARKET', 'quantity': 0.001}
2026-05-01 12:13:00,727 - INFO - Response: {'orderId': 13095579055, 'symbol': 'BTCUSDT', 'status': 'NEW', 'clientOrderId': 'x-Cb7ytekJd60eb9db9048ce9952596b', 'price': '0.00', 'avgPrice': '0.00', 'origQty': '0.0010', 'executedQty': '0.0000', 'cumQty': '0.0000', 'cumQuote': '0.000000', 'timeInForce': 'GTC', 'type': 'MARKET', 'reduceOnly': False, 'closePosition': False, 'side': 'SELL', 'positionSide': 'BOTH', 'stopPrice': '0.00', 'workingType': 'CONTRACT_PRICE', 'priceProtect': False, 'origType': 'MARKET', 'priceMatch': 'NONE', 'selfTradePreventionMode': 'EXPIRE_MAKER', 'goodTillDate': 0, 'updateTime': 1777617780592}
2026-05-01 12:22:12,893 - INFO - Placing order: {'symbol': 'DEMO', 'side': 'BUY', 'type': 'MARKET', 'quantity': 4.0}
2026-05-01 12:22:13,345 - ERROR - Error placing order: APIError(code=-1121): Invalid symbol.
2026-05-01 12:22:56,829 - INFO - Placing order: {'symbol': 'BTCUSDT', 'side': 'SELL', 'type': 'LIMIT', 'quantity': 5.0, 'price': 2000.0, 'timeInForce': 'GTC'}
2026-05-01 12:22:57,189 - ERROR - Error placing order: APIError(code=-4024): Limit price can't be lower than 73085.82.
2026-05-01 12:25:24,327 - INFO - Placing order: {'symbol': 'BTCUSDT', 'side': 'SELL', 'type': 'LIMIT', 'quantity': 0.001, 'price': 80000.0, 'timeInForce': 'GTC'}
2026-05-01 12:25:24,688 - INFO - Response: {'orderId': 13095612545, 'symbol': 'BTCUSDT', 'status': 'NEW', 'clientOrderId': 'x-Cb7ytekJf71560c2aa756a63414cc2', 'price': '80000.00', 'avgPrice': '0.00', 'origQty': '0.0010', 'executedQty': '0.0000', 'cumQty': '0.0000', 'cumQuote': '0.000000', 'timeInForce': 'GTC', 'type': 'LIMIT', 'reduceOnly': False, 'closePosition': False, 'side': 'SELL', 'positionSide': 'BOTH', 'stopPrice': '0.00', 'workingType': 'CONTRACT_PRICE', 'priceProtect': False, 'origType': 'LIMIT', 'priceMatch': 'NONE', 'selfTradePreventionMode': 'EXPIRE_MAKER', 'goodTillDate': 0, 'updateTime': 1777618524456}
2026-05-01 12:26:05,817 - INFO - Placing order: {'symbol': 'BTCUSDT', 'side': 'BUY', 'type': 'MARKET', 'quantity': 0.001}
2026-05-01 12:26:06,063 - INFO - Response: {'orderId': 13095614178, 'symbol': 'BTCUSDT', 'status': 'NEW', 'clientOrderId': 'x-Cb7ytekJ72697d78a85cb499bcfc94', 'price': '0.00', 'avgPrice': '0.00', 'origQty': '0.0010', 'executedQty': '0.0000', 'cumQty': '0.0000', 'cumQuote': '0.000000', 'timeInForce': 'GTC', 'type': 'MARKET', 'reduceOnly': False, 'closePosition': False, 'side': 'BUY', 'positionSide': 'BOTH', 'stopPrice': '0.00', 'workingType': 'CONTRACT_PRICE', 'priceProtect': False, 'origType': 'MARKET', 'priceMatch': 'NONE', 'selfTradePreventionMode': 'EXPIRE_MAKER', 'goodTillDate': 0, 'updateTime': 1777618565963}
